
Memory Configuration

Name             Origin             Length             Attributes
FLASH            0x00000000         0x20000000         xr
SRAM             0x20000000         0x20000000         xrw
*default*        0x00000000         0xffffffff

Linker script and memory map


.text           0x00000000      0x140
 *(.vectors*)
 .vectors       0x00000000       0x1c startup.o
                0x00000000                vectors
 *(.text*)
 .text          0x0000001c       0x8c main.o
                0x0000001c                main
 .text          0x000000a8       0x98 startup.o
                0x000000a8                Reset_Handler
                0x00000134                MM_fault_Handler
                0x00000134                Usage_fault_Handler
                0x00000134                Bus_fault_Handler
                0x00000134                Default_Handler
                0x00000134                H_fault_Handler
                0x00000134                NMI_Handler
 *(.rodata)
                0x00000140                _E_text = .

.glue_7         0x00000140        0x0
 .glue_7        0x00000140        0x0 linker stubs

.glue_7t        0x00000140        0x0
 .glue_7t       0x00000140        0x0 linker stubs

.vfp11_veneer   0x00000140        0x0
 .vfp11_veneer  0x00000140        0x0 linker stubs

.v4_bx          0x00000140        0x0
 .v4_bx         0x00000140        0x0 linker stubs

.iplt           0x00000140        0x0
 .iplt          0x00000140        0x0 startup.o

.rel.dyn        0x00000140        0x0
 .rel.iplt      0x00000140        0x0 startup.o

.data           0x20000000        0x0 load address 0x00000140
                0x20000000                _S_data = .
 *(.data)
 .data          0x20000000        0x0 main.o
 .data          0x20000000        0x0 startup.o
                0x20000000                . = ALIGN (0x4)
                0x20000000                _E_data = .

.igot.plt       0x20000000        0x0 load address 0x00000140
 .igot.plt      0x20000000        0x0 startup.o

.bss            0x20000000      0x400 load address 0x00000140
                0x20000000                _S_bss = .
 *(.bss*)
 .bss           0x20000000        0x0 main.o
 .bss           0x20000000      0x400 startup.o
                0x20000400                _E_bss = .
LOAD main.o
LOAD startup.o
OUTPUT(learn-in-depth-cortex-m4.elf elf32-littlearm)
LOAD linker stubs

.debug_info     0x00000000      0x223
 .debug_info    0x00000000       0x68 main.o
 .debug_info    0x00000068      0x1bb startup.o

.debug_abbrev   0x00000000      0x140
 .debug_abbrev  0x00000000       0x60 main.o
 .debug_abbrev  0x00000060       0xe0 startup.o

.debug_loc      0x00000000       0xb4
 .debug_loc     0x00000000       0x38 main.o
 .debug_loc     0x00000038       0x7c startup.o

.debug_aranges  0x00000000       0x40
 .debug_aranges
                0x00000000       0x20 main.o
 .debug_aranges
                0x00000020       0x20 startup.o

.debug_line     0x00000000      0x1f0
 .debug_line    0x00000000       0x9c main.o
 .debug_line    0x0000009c      0x154 startup.o

.debug_str      0x00000000      0x1b8
 .debug_str     0x00000000       0xd6 main.o
                                 0xe8 (size before relaxing)
 .debug_str     0x000000d6       0xe2 startup.o
                                0x1e7 (size before relaxing)

.comment        0x00000000       0x49
 .comment       0x00000000       0x49 main.o
                                 0x4a (size before relaxing)
 .comment       0x00000049       0x4a startup.o

.ARM.attributes
                0x00000000       0x2e
 .ARM.attributes
                0x00000000       0x2e main.o
 .ARM.attributes
                0x0000002e       0x2e startup.o

.debug_frame    0x00000000       0x7c
 .debug_frame   0x00000000       0x2c main.o
 .debug_frame   0x0000002c       0x50 startup.o
