
Memory Configuration

Name             Origin             Length             Attributes
FLASH            0x08000000         0x00010000         xr
SRAM             0x20000000         0x00005000         xrw
*default*        0x00000000         0xffffffff

Linker script and memory map


.text           0x08000000      0x1f8
 *(.vectors*)
 .vectors       0x08000000       0x1c startup.o
                0x08000000                vectors
 *(.text*)
 .text          0x0800001c       0x64 Alarm.o
                0x0800001c                Alarm_Init
                0x08000028                Set_Alarm_actuator
                0x08000064                StartAlarm
                0x08000072                StopAlarm
 .text          0x08000080       0x38 Pressure_Sensor.o
                0x08000080                PressureSensor_Init
                0x08000098                getPressureVal
 .text          0x080000b8       0x74 driver.o
                0x080000b8                Delay
                0x080000da                GPIO_INITIALIZATION
 .text          0x0800012c       0x34 main.o
                0x0800012c                main
 .text          0x08000160       0x98 startup.o
                0x08000160                Reset_Handler
                0x080001ec                MM_fault_Handler
                0x080001ec                Usage_fault_Handler
                0x080001ec                Bus_fault_Handler
                0x080001ec                Default_Handler
                0x080001ec                H_fault_Handler
                0x080001ec                NMI_Handler
 *(.rodata)
                0x080001f8                . = ALIGN (0x4)
                0x080001f8                _E_text = .

.glue_7         0x080001f8        0x0
 .glue_7        0x080001f8        0x0 linker stubs

.glue_7t        0x080001f8        0x0
 .glue_7t       0x080001f8        0x0 linker stubs

.vfp11_veneer   0x080001f8        0x0
 .vfp11_veneer  0x080001f8        0x0 linker stubs

.v4_bx          0x080001f8        0x0
 .v4_bx         0x080001f8        0x0 linker stubs

.iplt           0x080001f8        0x0
 .iplt          0x080001f8        0x0 Alarm.o

.rel.dyn        0x080001f8        0x0
 .rel.iplt      0x080001f8        0x0 Alarm.o

.data           0x20000000        0x0 load address 0x080001f8
                0x20000000                _S_data = .
 *(.data)
 .data          0x20000000        0x0 Alarm.o
 .data          0x20000000        0x0 Pressure_Sensor.o
 .data          0x20000000        0x0 driver.o
 .data          0x20000000        0x0 main.o
 .data          0x20000000        0x0 startup.o
                0x20000000                . = ALIGN (0x4)
                0x20000000                _E_data = .

.igot.plt       0x20000000        0x0 load address 0x080001f8
 .igot.plt      0x20000000        0x0 Alarm.o

.bss            0x20000000     0x1004 load address 0x080001f8
                0x20000000                _S_bss = .
 *(.bss*)
 .bss           0x20000000        0x0 Alarm.o
 .bss           0x20000000        0x4 Pressure_Sensor.o
                0x20000000                g_pressureVal
 .bss           0x20000004        0x0 driver.o
 .bss           0x20000004        0x0 main.o
 .bss           0x20000004        0x0 startup.o
                0x20000004                _E_bss = .
                0x20000004                . = ALIGN (0x4)
                0x20001004                . = (. + 0x1000)
 *fill*         0x20000004     0x1000 
                0x20001004                _stack_top = .
LOAD Alarm.o
LOAD Pressure_Sensor.o
LOAD driver.o
LOAD main.o
LOAD startup.o
OUTPUT(Pressure_Controller.elf elf32-littlearm)
LOAD linker stubs

.debug_info     0x00000000      0x4be
 .debug_info    0x00000000       0xf9 Alarm.o
 .debug_info    0x000000f9       0xcc Pressure_Sensor.o
 .debug_info    0x000001c5       0xc8 driver.o
 .debug_info    0x0000028d       0x9c main.o
 .debug_info    0x00000329      0x195 startup.o

.debug_abbrev   0x00000000      0x28d
 .debug_abbrev  0x00000000       0x80 Alarm.o
 .debug_abbrev  0x00000080       0x66 Pressure_Sensor.o
 .debug_abbrev  0x000000e6       0x7c driver.o
 .debug_abbrev  0x00000162       0x59 main.o
 .debug_abbrev  0x000001bb       0xd2 startup.o

.debug_loc      0x00000000      0x2b0
 .debug_loc     0x00000000       0xe0 Alarm.o
 .debug_loc     0x000000e0       0x88 Pressure_Sensor.o
 .debug_loc     0x00000168       0xa0 driver.o
 .debug_loc     0x00000208       0x2c main.o
 .debug_loc     0x00000234       0x7c startup.o

.debug_aranges  0x00000000       0xa0
 .debug_aranges
                0x00000000       0x20 Alarm.o
 .debug_aranges
                0x00000020       0x20 Pressure_Sensor.o
 .debug_aranges
                0x00000040       0x20 driver.o
 .debug_aranges
                0x00000060       0x20 main.o
 .debug_aranges
                0x00000080       0x20 startup.o

.debug_line     0x00000000      0x4b4
 .debug_line    0x00000000      0x10b Alarm.o
 .debug_line    0x0000010b      0x101 Pressure_Sensor.o
 .debug_line    0x0000020c      0x106 driver.o
 .debug_line    0x00000312       0x4e main.o
 .debug_line    0x00000360      0x154 startup.o

.debug_str      0x00000000      0x24b
 .debug_str     0x00000000      0x14a Alarm.o
                                0x18c (size before relaxing)
 .debug_str     0x0000014a       0x43 Pressure_Sensor.o
                                0x194 (size before relaxing)
 .debug_str     0x0000018d       0x2a driver.o
                                0x17b (size before relaxing)
 .debug_str     0x000001b7        0xc main.o
                                0x157 (size before relaxing)
 .debug_str     0x000001c3       0x88 startup.o
                                0x1dc (size before relaxing)

.comment        0x00000000       0x49
 .comment       0x00000000       0x49 Alarm.o
                                 0x4a (size before relaxing)
 .comment       0x00000049       0x4a Pressure_Sensor.o
 .comment       0x00000049       0x4a driver.o
 .comment       0x00000049       0x4a main.o
 .comment       0x00000049       0x4a startup.o

.ARM.attributes
                0x00000000       0x2d
 .ARM.attributes
                0x00000000       0x2d Alarm.o
 .ARM.attributes
                0x0000002d       0x2d Pressure_Sensor.o
 .ARM.attributes
                0x0000005a       0x2d driver.o
 .ARM.attributes
                0x00000087       0x2d main.o
 .ARM.attributes
                0x000000b4       0x2d startup.o

.debug_frame    0x00000000      0x1b0
 .debug_frame   0x00000000       0x8c Alarm.o
 .debug_frame   0x0000008c       0x50 Pressure_Sensor.o
 .debug_frame   0x000000dc       0x58 driver.o
 .debug_frame   0x00000134       0x2c main.o
 .debug_frame   0x00000160       0x50 startup.o
