
Memory Configuration

Name             Origin             Length             Attributes
Mem              0x00000000         0x04000000         xrw
*default*        0x00000000         0xffffffff

Linker script and memory map

                0x00010000                . = 0x10000

.reset          0x00010000       0x10
 startup.o(.text)
 .text          0x00010000       0x10 startup.o
                0x00010000                reset

.text           0x00010010       0xd8
 *(.text)
 .text          0x00010010       0x1c App.o
                0x00010010                main
 .text          0x0001002c       0x58 UART.o
                0x0001002c                UART_Send_String
 *(.rodata)
 .rodata        0x00010084       0x64 App.o
                0x00010084                buffer

.glue_7         0x000100e8        0x0
 .glue_7        0x000100e8        0x0 linker stubs

.glue_7t        0x000100e8        0x0
 .glue_7t       0x000100e8        0x0 linker stubs

.vfp11_veneer   0x000100e8        0x0
 .vfp11_veneer  0x000100e8        0x0 linker stubs

.v4_bx          0x000100e8        0x0
 .v4_bx         0x000100e8        0x0 linker stubs

.iplt           0x000100e8        0x0
 .iplt          0x000100e8        0x0 startup.o

.rel.dyn        0x000100e8        0x0
 .rel.iplt      0x000100e8        0x0 startup.o

.data           0x000100e8        0x0
 *(.data)
 .data          0x000100e8        0x0 startup.o
 .data          0x000100e8        0x0 App.o
 .data          0x000100e8        0x0 UART.o

.igot.plt       0x000100e8        0x0
 .igot.plt      0x000100e8        0x0 startup.o

.bss            0x000100e8        0x0
 *(.bss)
 .bss           0x000100e8        0x0 startup.o
 .bss           0x000100e8        0x0 App.o
 .bss           0x000100e8        0x0 UART.o
 *(COMMON)
                0x000110e8                . = (. + 0x1000)
                0x000110e8                stack_top = .
LOAD startup.o
LOAD App.o
LOAD UART.o
OUTPUT(learn-in-depth.elf elf32-littlearm)
LOAD linker stubs

.ARM.attributes
                0x00000000       0x2e
 .ARM.attributes
                0x00000000       0x22 startup.o
 .ARM.attributes
                0x00000022       0x2c App.o
 .ARM.attributes
                0x0000004e       0x2c UART.o

.comment        0x00000000       0x49
 .comment       0x00000000       0x49 App.o
                                 0x4a (size before relaxing)
 .comment       0x00000049       0x4a UART.o

.debug_line     0x00000000       0xc3
 .debug_line    0x00000000       0x3a startup.o
 .debug_line    0x0000003a       0x3b App.o
 .debug_line    0x00000075       0x4e UART.o

.debug_info     0x00000000       0xf6
 .debug_info    0x00000000       0x26 startup.o
 .debug_info    0x00000026       0x72 App.o
 .debug_info    0x00000098       0x5e UART.o

.debug_abbrev   0x00000000       0xd5
 .debug_abbrev  0x00000000       0x14 startup.o
 .debug_abbrev  0x00000014       0x65 App.o
 .debug_abbrev  0x00000079       0x5c UART.o

.debug_aranges  0x00000000       0x60
 .debug_aranges
                0x00000000       0x20 startup.o
 .debug_aranges
                0x00000020       0x20 App.o
 .debug_aranges
                0x00000040       0x20 UART.o

.debug_str      0x00000000      0x117
 .debug_str     0x00000000       0x70 startup.o
 .debug_str     0x00000070       0x8a App.o
                                 0xe2 (size before relaxing)
 .debug_str     0x000000fa       0x1d UART.o
                                 0xd7 (size before relaxing)

.debug_frame    0x00000000       0x5c
 .debug_frame   0x00000000       0x2c App.o
 .debug_frame   0x0000002c       0x30 UART.o
